// Jest Snapshot v1, https://goo.gl/fbAQLP

exports[`Generates a queue correctly. 1`] = `
Array [
  Array [
    [Function],
    250,
    Object {},
  ],
  Array [
    [Function],
    Object {
      "content": "T",
      "isHTMLElement": false,
      "isTopLevelText": true,
      "node": Taxation is...,
    },
    Object {
      "freezeCursor": true,
      "isFirst": true,
    },
  ],
  Array [
    [Function],
    Object {
      "content": "a",
      "isHTMLElement": false,
      "isTopLevelText": true,
      "node": Taxation is...,
    },
    Object {
      "freezeCursor": true,
    },
  ],
  Array [
    [Function],
    Object {
      "content": "x",
      "isHTMLElement": false,
      "isTopLevelText": true,
      "node": Taxation is...,
    },
    Object {
      "freezeCursor": true,
    },
  ],
  Array [
    [Function],
    Object {
      "content": "a",
      "isHTMLElement": false,
      "isTopLevelText": true,
      "node": Taxation is...,
    },
    Object {
      "freezeCursor": true,
    },
  ],
  Array [
    [Function],
    Object {
      "content": "t",
      "isHTMLElement": false,
      "isTopLevelText": true,
      "node": Taxation is...,
    },
    Object {
      "freezeCursor": true,
    },
  ],
  Array [
    [Function],
    Object {
      "content": "i",
      "isHTMLElement": false,
      "isTopLevelText": true,
      "node": Taxation is...,
    },
    Object {
      "freezeCursor": true,
    },
  ],
  Array [
    [Function],
    Object {
      "content": "o",
      "isHTMLElement": false,
      "isTopLevelText": true,
      "node": Taxation is...,
    },
    Object {
      "freezeCursor": true,
    },
  ],
  Array [
    [Function],
    Object {
      "content": "n",
      "isHTMLElement": false,
      "isTopLevelText": true,
      "node": Taxation is...,
    },
    Object {
      "freezeCursor": true,
    },
  ],
  Array [
    [Function],
    Object {
      "content": " ",
      "isHTMLElement": false,
      "isTopLevelText": true,
      "node": Taxation is...,
    },
    Object {
      "freezeCursor": true,
    },
  ],
  Array [
    [Function],
    Object {
      "content": "i",
      "isHTMLElement": false,
      "isTopLevelText": true,
      "node": Taxation is...,
    },
    Object {
      "freezeCursor": true,
    },
  ],
  Array [
    [Function],
    Object {
      "content": "s",
      "isHTMLElement": false,
      "isTopLevelText": true,
      "node": Taxation is...,
    },
    Object {
      "freezeCursor": true,
    },
  ],
  Array [
    [Function],
    Object {
      "content": ".",
      "isHTMLElement": false,
      "isTopLevelText": true,
      "node": Taxation is...,
    },
    Object {
      "freezeCursor": true,
    },
  ],
  Array [
    [Function],
    Object {
      "content": ".",
      "isHTMLElement": false,
      "isTopLevelText": true,
      "node": Taxation is...,
    },
    Object {
      "freezeCursor": true,
    },
  ],
  Array [
    [Function],
    Object {
      "content": ".",
      "isHTMLElement": false,
      "isTopLevelText": true,
      "node": Taxation is...,
    },
    Object {
      "freezeCursor": true,
      "isLast": true,
    },
  ],
  Array [
    [Function],
    375,
    Object {},
  ],
  Array [
    [Function],
    Object {
      "content": <br />,
      "isHTMLElement": true,
      "isTopLevelText": false,
      "node": null,
    },
    Object {
      "freezeCursor": true,
    },
  ],
  Array [
    [Function],
    375,
    Object {},
  ],
  Array [
    [Function],
    Object {
      "content": "t",
      "isHTMLElement": false,
      "isTopLevelText": true,
      "node": theft.,
    },
    Object {
      "freezeCursor": true,
      "isFirst": true,
    },
  ],
  Array [
    [Function],
    Object {
      "content": "h",
      "isHTMLElement": false,
      "isTopLevelText": true,
      "node": theft.,
    },
    Object {
      "freezeCursor": true,
    },
  ],
  Array [
    [Function],
    Object {
      "content": "e",
      "isHTMLElement": false,
      "isTopLevelText": true,
      "node": theft.,
    },
    Object {
      "freezeCursor": true,
    },
  ],
  Array [
    [Function],
    Object {
      "content": "f",
      "isHTMLElement": false,
      "isTopLevelText": true,
      "node": theft.,
    },
    Object {
      "freezeCursor": true,
    },
  ],
  Array [
    [Function],
    Object {
      "content": "t",
      "isHTMLElement": false,
      "isTopLevelText": true,
      "node": theft.,
    },
    Object {
      "freezeCursor": true,
    },
  ],
  Array [
    [Function],
    Object {
      "content": ".",
      "isHTMLElement": false,
      "isTopLevelText": true,
      "node": theft.,
    },
    Object {
      "freezeCursor": true,
      "isLast": true,
    },
  ],
]
`;
