// Jest Snapshot v1, https://goo.gl/fbAQLP

exports[`Empty HTML nodes should be removed from DOM. 1`] = `"<span id=\\"scope\\">abc</span>"`;

exports[`Multiple empty HTML nodes should be removed from DOM. 1`] = `"<span id=\\"scope\\">abc</span>"`;

exports[`Multiple nested empty HTML nodes should be removed from DOM. 1`] = `"<span id=\\"scope\\">abc</span>"`;

exports[`Nested empty HTML nodes should be removed from DOM. 1`] = `"<span id=\\"scope\\">abc</span>"`;
