// Jest Snapshot v1, https://goo.gl/fbAQLP

exports[`removeEmptyCharacters() Empty HTML character should be removed from DOM. 1`] = `
"
      <span id=\\"scope\\">
        <i class=\\"ti-char\\">a</i>
        
        <i class=\\"ti-char\\">b</i>
        <i class=\\"ti-char\\">c</i>
      </span>"
`;

exports[`removeEmptyCharacters() Empty character should be removed from DOM. 1`] = `
"
      <span id=\\"scope\\">
        
        <i class=\\"ti-char\\">a</i>
        <i class=\\"ti-char\\">b</i>
        <i class=\\"ti-char\\">c</i>
      </span>"
`;

exports[`removeEmptyCharacters() Nested empty HTML character should be removed from DOM. 1`] = `
"
      <span id=\\"scope\\">
        <i class=\\"ti-char\\">a</i>
        <i class=\\"ti-char\\">b</i>
        
        <i class=\\"ti-char\\">c</i>
      </span>"
`;
